
  .   ____          _            __ _ _
 /\\ / ___'_ __ _ _(_)_ __  __ _ \ \ \ \
( ( )\___ | '_ | '_| | '_ \/ _` | \ \ \ \
 \\/  ___)| |_)| | | | | || (_| |  ) ) ) )
  '  |____| .__|_| |_|_| |_\__, | / / / /
 =========|_|==============|___/=/_/_/_/

 :: Spring Boot ::                (v3.5.6)

2026-10-04T16:20:21.791+05:30  INFO 8360 --- [library-manager] [           main] c.c.l.LibraryManagerApplication          : Starting LibraryManagerApplication v1.0.0 using Java 21.0.12.1 with PID 8360 (C:\Users\TEJAS\Downloads\library-manager-java\target\library-manager-1.0.0.jar started by TEJAS in C:\Users\TEJAS\Downloads\library-manager-java)
2026-10-04T16:20:21.794+05:30  INFO 8360 --- [library-manager] [           main] c.c.l.LibraryManagerApplication          : No active profile set, falling back to 1 default profile: "default"
2026-10-04T16:20:22.601+05:30  INFO 8360 --- [library-manager] [           main] .s.d.r.c.RepositoryConfigurationDelegate : Bootstrapping Spring Data JPA repositories in DEFAULT mode.
2026-10-04T16:20:22.671+05:30  INFO 8360 --- [library-manager] [           main] .s.d.r.c.RepositoryConfigurationDelegate : Finished Spring Data repository scanning in 55 ms. Found 9 JPA repository interfaces.
2026-10-04T16:20:23.287+05:30  INFO 8360 --- [library-manager] [           main] o.s.b.w.embedded.tomcat.TomcatWebServer  : Tomcat initialized with port 8081 (http)
2026-10-04T16:20:23.304+05:30  INFO 8360 --- [library-manager] [           main] o.apache.catalina.core.StandardService   : Starting service [Tomcat]
2026-10-04T16:20:23.305+05:30  INFO 8360 --- [library-manager] [           main] o.apache.catalina.core.StandardEngine    : Starting Servlet engine: [Apache Tomcat/10.1.46]
2026-10-04T16:20:23.329+05:30  INFO 8360 --- [library-manager] [           main] o.a.c.c.C.[Tomcat].[localhost].[/]       : Initializing Spring embedded WebApplicationContext
2026-10-04T16:20:23.331+05:30  INFO 8360 --- [library-manager] [           main] w.s.c.ServletWebServerApplicationContext : Root WebApplicationContext: initialization completed in 1494 ms
2026-10-04T16:20:23.604+05:30  INFO 8360 --- [library-manager] [           main] com.zaxxer.hikari.HikariDataSource       : HikariPool-1 - Starting...
2026-10-04T16:20:23.775+05:30  INFO 8360 --- [library-manager] [           main] com.zaxxer.hikari.pool.HikariPool        : HikariPool-1 - Added connection com.mysql.cj.jdbc.ConnectionImpl@527937d0
2026-10-04T16:20:23.777+05:30  INFO 8360 --- [library-manager] [           main] com.zaxxer.hikari.HikariDataSource       : HikariPool-1 - Start completed.
2026-10-04T16:20:23.816+05:30  INFO 8360 --- [library-manager] [           main] org.flywaydb.core.FlywayExecutor         : Database: jdbc:mysql://localhost:3306/library_management?createDatabaseIfNotExist=true&useSSL=false&allowPublicKeyRetrieval=true&serverTimezone=UTC (MySQL 8.0)
2026-10-04T16:20:24.038+05:30  INFO 8360 --- [library-manager] [           main] o.f.core.internal.command.DbValidate     : Successfully validated 2 migrations (execution time 00:00.103s)
2026-10-04T16:20:24.066+05:30  INFO 8360 --- [library-manager] [           main] o.f.core.internal.command.DbMigrate      : Current version of schema `library_management`: 1
2026-10-04T16:20:24.114+05:30  INFO 8360 --- [library-manager] [           main] o.f.core.internal.command.DbMigrate      : Migrating schema `library_management` to version "2 - book requests"
2026-10-04T16:20:24.332+05:30  INFO 8360 --- [library-manager] [           main] o.f.core.internal.command.DbMigrate      : Successfully applied 1 migration to schema `library_management`, now at version v2 (execution time 00:00.172s)
2026-10-04T16:20:24.611+05:30  INFO 8360 --- [library-manager] [           main] o.hibernate.jpa.internal.util.LogHelper  : HHH000204: Processing PersistenceUnitInfo [name: default]
2026-10-04T16:20:24.774+05:30  INFO 8360 --- [library-manager] [           main] org.hibernate.Version                    : HHH000412: Hibernate ORM core version 6.6.29.Final
2026-10-04T16:20:24.974+05:30  INFO 8360 --- [library-manager] [           main] o.h.c.internal.RegionFactoryInitiator    : HHH000026: Second-level cache disabled
2026-10-04T16:20:25.518+05:30  INFO 8360 --- [library-manager] [           main] o.s.o.j.p.SpringPersistenceUnitInfo      : No LoadTimeWeaver setup: ignoring JPA class transformer
2026-10-04T16:20:25.645+05:30  WARN 8360 --- [library-manager] [           main] org.hibernate.orm.deprecation            : HHH90000025: MySQLDialect does not need to be specified explicitly using 'hibernate.dialect' (remove the property setting and it will be selected by default)
2026-10-04T16:20:25.694+05:30  INFO 8360 --- [library-manager] [           main] org.hibernate.orm.connections.pooling    : HHH10001005: Database info:
	Database JDBC URL [Connecting through datasource 'HikariDataSource (HikariPool-1)']
	Database driver: undefined/unknown
	Database version: 8.0.46
	Autocommit mode: undefined/unknown
	Isolation level: undefined/unknown
	Minimum pool size: undefined/unknown
	Maximum pool size: undefined/unknown
2026-10-04T16:20:27.888+05:30  INFO 8360 --- [library-manager] [           main] o.h.e.t.j.p.i.JtaPlatformInitiator       : HHH000489: No JTA platform available (set 'hibernate.transaction.jta.platform' to enable JTA platform integration)
2026-10-04T16:20:27.987+05:30  INFO 8360 --- [library-manager] [           main] j.LocalContainerEntityManagerFactoryBean : Initialized JPA EntityManagerFactory for persistence unit 'default'
2026-10-04T16:20:28.829+05:30  INFO 8360 --- [library-manager] [           main] o.s.d.j.r.query.QueryEnhancerFactory     : Hibernate is in classpath; If applicable, HQL parser will be used.
2026-10-04T16:20:32.801+05:30  INFO 8360 --- [library-manager] [           main] eAuthenticationProviderManagerConfigurer : Global AuthenticationManager configured with AuthenticationProvider bean with name authenticationProvider
2026-10-04T16:20:34.335+05:30  INFO 8360 --- [library-manager] [           main] o.s.b.w.embedded.tomcat.TomcatWebServer  : Tomcat started on port 8081 (http) with context path '/'
2026-10-04T16:20:34.392+05:30  INFO 8360 --- [library-manager] [           main] c.c.l.LibraryManagerApplication          : Started LibraryManagerApplication in 13.01 seconds (process running for 13.492)
2026-10-04T16:20:34.524+05:30  INFO 8360 --- [library-manager] [           main] c.c.librarymanager.config.DataSeeder     : Demo data not seeded: the database already has users.
2026-10-04T16:57:09.429+05:30  INFO 8360 --- [library-manager] [nio-8081-exec-4] o.a.c.c.C.[Tomcat].[localhost].[/]       : Initializing Spring DispatcherServlet 'dispatcherServlet'
2026-10-04T16:57:09.444+05:30  INFO 8360 --- [library-manager] [nio-8081-exec-4] o.s.web.servlet.DispatcherServlet        : Initializing Servlet 'dispatcherServlet'
2026-10-04T16:57:09.444+05:30  INFO 8360 --- [library-manager] [nio-8081-exec-4] o.s.web.servlet.DispatcherServlet        : Completed initialization in 0 ms
